// Jest Snapshot v1, https://goo.gl/fbAQLP

exports[`Home component renders correctly 1`] = `
<div
  className="container_calculator"
>
  <div
    className="container_display"
  >
    0
  </div>
  <div
    className="container_buttons"
  >
    <div
      className="row"
    >
      <button
        className="button_gray"
        onClick={[Function]}
        type="button"
      >
        AC
      </button>
      <button
        className="button_gray"
        onClick={[Function]}
        type="button"
      >
        +/-
      </button>
      <button
        className="button_gray"
        onClick={[Function]}
        type="button"
      >
        %
      </button>
      <button
        className="button_gray button-orange"
        onClick={[Function]}
        type="button"
      >
        ÷
      </button>
    </div>
    <div
      className="row"
    >
      <button
        className="button_gray"
        onClick={[Function]}
        type="button"
      >
        7
      </button>
      <button
        className="button_gray"
        onClick={[Function]}
        type="button"
      >
        8
      </button>
      <button
        className="button_gray"
        onClick={[Function]}
        type="button"
      >
        9
      </button>
      <button
        className="button_gray button-orange"
        onClick={[Function]}
        type="button"
      >
        x
      </button>
    </div>
    <div
      className="row"
    >
      <button
        className="button_gray"
        onClick={[Function]}
        type="button"
      >
        4
      </button>
      <button
        className="button_gray"
        onClick={[Function]}
        type="button"
      >
        5
      </button>
      <button
        className="button_gray"
        onClick={[Function]}
        type="button"
      >
        6
      </button>
      <button
        className="button_gray button-orange"
        onClick={[Function]}
        type="button"
      >
        -
      </button>
    </div>
    <div
      className="row"
    >
      <button
        className="button_gray"
        onClick={[Function]}
        type="button"
      >
        1
      </button>
      <button
        className="button_gray"
        onClick={[Function]}
        type="button"
      >
        2
      </button>
      <button
        className="button_gray"
        onClick={[Function]}
        type="button"
      >
        3
      </button>
      <button
        className="button_gray button-orange"
        onClick={[Function]}
        type="button"
      >
        +
      </button>
    </div>
    <div
      className="row"
    >
      <button
        className="button_gray button_gray0"
        onClick={[Function]}
        type="button"
      >
        0
      </button>
      <button
        className="button_gray"
        onClick={[Function]}
        type="button"
      >
        .
      </button>
      <button
        className="button_gray button-orange"
        onClick={[Function]}
        type="button"
      >
        =
      </button>
    </div>
  </div>
</div>
`;
